// Jest Snapshot v1, https://goo.gl/fbAQLP

exports[`the HelpPage component should match the snapshot 1`] = `
<div>
  <div
    class="sc-jrsJCI dvFVdg"
  >
    <div>
      <div
        class="sc-dlnjPT erARxr"
      >
        <div
          class="sc-gtssRu emobNl"
        >
          <h2
            class="sc-hKFyIo IfuPR"
          >
            Traumatic Events
          </h2>
          <div
            class="sc-bdnylx kgNiQD"
          >
            <p
              class="sc-eCApGN fCJVDN"
            >
              The explosion is a traumatic event. It affected those that were in Beirut at the time, people all over Lebanon, the Lebanese abroad, and those who know someone that was affected.
            </p>
            <p
              class="sc-eCApGN fCJVDN"
            >
              All these individuals, regardless of whether they were in Beirut at the time of the explosion or whether they were directly impacted by the explosion can experience traumatic stress as a result of it.
            </p>
            <p
              class="sc-eCApGN fCJVDN"
            >
              Traumatic stress is changes in how one feels, thinks, or behaves as a result of trauma. It is a normal reaction to an abnormal event.
            </p>
          </div>
        </div>
      </div>
      <section
        class="sc-iCoHVE hANwrK"
      >
        <div
          class="sc-gKAblj HOwCB"
        >
          <h2
            class="sc-fujyUd kgedsY"
          >
            Learn more about trauma
          </h2>
          <div
            class="sc-jSFkmK wZTrU"
          >
            <p
              class="sc-pNWxx IEUcs"
            >
              Below are flashcards with the most common presentations of traumatic stress.
            </p>
            <p
              class="sc-pNWxx IEUcs"
            >
              Click on those that you have experienced to learn more about your reaction and ways to manage, then select the ones that apply.
            </p>
          </div>
        </div>
      </section>
      <div>
        Flash cards section
      </div>
    </div>
  </div>
</div>
`;
