// Jest Snapshot v1, https://goo.gl/fbAQLP

exports[`the Card component should match the snapshot 1`] = `
<div>
  <div
    class="sc-gtssRu bccJvf"
  >
    <h2
      class="sc-bdnylx gpJKAy"
    >
      test title
    </h2>
    <p>
      test text
    </p>
    <a
      href="/test"
    >
      Learn More
    </a>
  </div>
</div>
`;
