// Jest Snapshot v1, https://goo.gl/fbAQLP

exports[`the Footer component should match the snapshot 1`] = `
<div>
  <section
    class="sc-fujyUd kUeWrN"
  >
    <div
      class="sc-gKAblj cyuFLz"
    >
      <div
        class="sc-iCoHVE fSGdCz"
      >
        <div
          class="sc-gtssRu PuCqs"
        >
          <h2
            class="sc-bdnylx gpJKAy"
          >
            I’m looking for help
          </h2>
          <ul
            class="sc-dlnjPT cQMtRp"
          >
            <li
              class="sc-hKFyIo igLYdx"
            >
              Terms & Conditions
            </li>
            <li
              class="sc-hKFyIo igLYdx"
            >
              Privacy policy
            </li>
          </ul>
        </div>
        <div
          class="sc-gtssRu PuCqs"
        >
          <h2
            class="sc-bdnylx gpJKAy"
          >
            About us
          </h2>
          <ul
            class="sc-dlnjPT cQMtRp"
          >
            <li
              class="sc-hKFyIo igLYdx"
            >
              What we do
            </li>
            <li
              class="sc-hKFyIo igLYdx"
            >
              Contact us
            </li>
          </ul>
        </div>
        <div
          class="sc-gtssRu PuCqs"
        >
          <h2
            class="sc-bdnylx gpJKAy"
          >
            Partnerships
          </h2>
          <ul
            class="sc-dlnjPT cQMtRp"
          >
            <li
              class="sc-hKFyIo igLYdx"
            >
              How to partner with us
            </li>
            <li
              class="sc-hKFyIo igLYdx"
            >
              Working with us
            </li>
          </ul>
        </div>
        <div
          class="sc-eCApGN kpYBjI"
        >
          <span
            class="sc-jSFkmK fwHbma"
          />
          <span
            class="sc-jSFkmK fwHbma"
          />
          <span
            class="sc-jSFkmK fwHbma"
          />
          <p>
            Lorem lobortis aliquam leo nisi vita
          </p>
        </div>
      </div>
    </div>
  </section>
</div>
`;
