// Jest Snapshot v1, https://goo.gl/fbAQLP

exports[`the Footer component should match the snapshot 1`] = `
<div>
  <section
    class="sc-iCoHVE jAMKrk"
  >
    <div
      class="sc-gKAblj jWlcXc"
    >
      <div
        class="sc-gtssRu hNSdtc"
      >
        <h2
          class="sc-bdnylx gpJKAy"
        >
          Lebanon Relief Network
        </h2>
        <ul
          class="sc-dlnjPT cQMtRp"
        >
          <li
            class="sc-hKFyIo igLYdx"
          >
            Terms & Conditions
          </li>
          <li
            class="sc-hKFyIo igLYdx"
          >
            Privacy policy
          </li>
        </ul>
      </div>
      <div
        class="sc-gtssRu hNSdtc"
      >
        <h2
          class="sc-bdnylx gpJKAy"
        >
          About us
        </h2>
        <ul
          class="sc-dlnjPT cQMtRp"
        >
          <li
            class="sc-hKFyIo igLYdx"
          >
            What we do
          </li>
          <li
            class="sc-hKFyIo igLYdx"
          >
            Contact us
          </li>
        </ul>
      </div>
      <div
        class="sc-gtssRu hNSdtc"
      >
        <h2
          class="sc-bdnylx gpJKAy"
        >
          Partnerships
        </h2>
        <ul
          class="sc-dlnjPT cQMtRp"
        >
          <li
            class="sc-hKFyIo igLYdx"
          >
            How to partner with us
          </li>
          <li
            class="sc-hKFyIo igLYdx"
          >
            Working with us
          </li>
        </ul>
      </div>
      <div
        class="sc-jSFkmK dzlDOT"
      >
        <span
          class="sc-eCApGN byfgNG"
        />
        <span
          class="sc-eCApGN byfgNG"
        />
        <span
          class="sc-eCApGN byfgNG"
        />
      </div>
    </div>
  </section>
</div>
`;
