// Jest Snapshot v1, https://goo.gl/fbAQLP

exports[`the Card component should match the snapshot 1`] = `
<div>
  <section
    class="sc-hKFyIo bjULOM"
  >
    <div
      class="sc-dlnjPT edzEcN"
    >
      <div
        class="sc-gtssRu bccJvf"
      >
        <h2
          class="sc-bdnylx gpJKAy"
        >
          I’m looking for help
        </h2>
        <p>
          Lorem lobortis aliquam leo nisi vitae egestas elit. Tellus ultrices et velit luctus. 
        </p>
        <button>
          Learn More
        </button>
      </div>
      <div
        class="sc-gtssRu bccJvf"
      >
        <h2
          class="sc-bdnylx gpJKAy"
        >
          I’d like to help
        </h2>
        <p>
          Lorem lobortis aliquam leo nisi vitae egestas elit. Tellus ultrices et velit luctus. 
        </p>
        <button>
          Learn More
        </button>
      </div>
    </div>
  </section>
</div>
`;
