// Jest Snapshot v1, https://goo.gl/fbAQLP

exports[`the Navbar component should match the snapshot 1`] = `
<div>
  <nav
    class="sc-ciSmjq jAahgI"
  >
    <div
      class="sc-carGAA lpmGsA"
    >
      <img
        alt="Logo"
        class="sc-jcwofb dqOdtL"
        src="logo.png"
      />
    </div>
    <ul
      class="sc-iTVIwl elNyrh"
    >
      <li
        class="sc-iBzFoy fHlwWC"
      >
        <div
          data-testid="link_/"
        />
      </li>
      <li
        class="sc-iBzFoy fHlwWC"
      >
        <div
          data-testid="link_/help"
        />
      </li>
      <li
        class="sc-iBzFoy fHlwWC"
      >
        <div
          data-testid="link_/"
        />
      </li>
      <li
        class="sc-iBzFoy fHlwWC"
      >
        <div
          data-testid="link_/about"
        />
      </li>
    </ul>
  </nav>
</div>
`;
