// Jest Snapshot v1, https://goo.gl/fbAQLP

exports[`the Navbar component should match the snapshot 1`] = `
<div>
  <nav
    class="sc-hiKfjK dhTgDA"
  >
    <div
      class="sc-cBoprd mgzOn"
    >
      <img
        alt="Logo"
        class="sc-gXfWUo kijiUy"
        src="logo.png"
      />
    </div>
    <ul
      class="sc-ciSmjq bmenrX"
    >
      <li
        class="sc-jcwofb eatDAW"
      >
        <div
          data-testid="link_/"
        />
      </li>
      <li
        class="sc-jcwofb eatDAW"
      >
        <div
          data-testid="link_/help"
        />
      </li>
      <li
        class="sc-jcwofb eatDAW"
      >
        <div
          data-testid="link_/"
        />
      </li>
      <li
        class="sc-jcwofb eatDAW"
      >
        <div
          data-testid="link_/about"
        />
      </li>
    </ul>
  </nav>
</div>
`;
