// Jest Snapshot v1, https://goo.gl/fbAQLP

exports[`the OurMission component should match the snapshot 1`] = `
<div>
  <section
    class="sc-gtssRu jGobNw"
  >
    <div
      class="sc-bdnylx icjZAh"
    >
      <h2
        class="sc-dlnjPT iGXfwf"
      >
        Our mission
      </h2>
      <p
        class="sc-hKFyIo hqFVHM"
      >
        Lorem lobortis aliquam leo nisi vitae egestas elit. Tellus ultrices et velit luctus. Justo, in mauris pulvinar cursus velit at sollicitudin. Eget pretium nunc placerat sed at eget est. Exercitation veniam consequat sunt nostrud amet. Pretium nunc placerat sed at eget est. Exercitation veniam consequat sunt nostrud amet.
      </p>
    </div>
  </section>
</div>
`;
