// Jest Snapshot v1, https://goo.gl/fbAQLP

exports[`the TraumaticEvents component should match the snapshot 1`] = `
<div>
  <section
    class="sc-gtssRu bgKeKC"
  >
    <div
      class="sc-bdnylx icjZAh"
    >
      <h2
        class="sc-dlnjPT iGXfwf"
      >
        Traumatic Events
      </h2>
      <p
        class="sc-hKFyIo hqFVHM"
      >
        The explosion is a traumatic event. It affected those that were in Beirut at the time, people all over Lebanon, the Lebanese abroad, and those who know someone that was affected. All these individuals, regardless of whether they were in Beirut at the time of the explosion or whether they were directly impacted by the explosion can experience traumatic stress as a result of it. Traumatic stress is changes in how one feels, thinks, or behaves as a result of trauma. It is a normal reaction to an abnormal event.
      </p>
    </div>
  </section>
</div>
`;
