// Jest Snapshot v1, https://goo.gl/fbAQLP

exports[`the Card component should match the snapshot 1`] = `
.c2 {
  background-color: #FFD666;
  color: black;
  font-style: normal;
  font-weight: bold;
  -webkit-box-pack: center;
  -webkit-justify-content: center;
  -ms-flex-pack: center;
  justify-content: center;
  display: -webkit-box;
  display: -webkit-flex;
  display: -ms-flexbox;
  display: flex;
  min-width: 90%;
  max-width: 90%;
  margin-bottom: 5%;
  padding: 0.5rem;
}

.c1 {
  font-family: Playfair Display;
  font-weight: bold;
  font-size: 24px;
  min-width: auto;
  line-height: 100%;
  padding: 0 0.5rem;
  text-align: center;
  margin-bottom: 0;
}

.c0 {
  position: relative;
  border: 1px solid #003A8C;
  width: 31.6%;
  padding: 1rem 1.2rem;
  margin: 3rem 0rem;
  display: -webkit-box;
  display: -webkit-flex;
  display: -ms-flexbox;
  display: flex;
  -webkit-flex-direction: column;
  -ms-flex-direction: column;
  flex-direction: column;
  -webkit-box-pack: justify;
  -webkit-justify-content: space-between;
  -ms-flex-pack: justify;
  justify-content: space-between;
  -webkit-align-items: center;
  -webkit-box-align: center;
  -ms-flex-align: center;
  align-items: center;
  font-family: Raleway;
  font-size: 16px;
  font-style: normal;
  font-weight: 400;
  line-height: 24px;
  -webkit-letter-spacing: 0em;
  -moz-letter-spacing: 0em;
  -ms-letter-spacing: 0em;
  letter-spacing: 0em;
  text-align: left;
  background-color: white;
}

@media (max-width:576px) {
  .c2 {
    width: 90%;
    max-width: 90%;
  }
}

@media (max-width:576px) {
  .c1 {
    font-size: 30px;
    line-height: 38px;
  }
}

@media (max-width:1025px) {
  .c0 {
    width: 75%;
    width: 40%;
    min-width: 0;
  }
}

@media (max-width:768px) {
  .c0 {
    margin: 3rem 1rem;
  }
}

@media (max-width:576px) {
  .c0 {
    width: 90%;
    margin: 1rem auto;
  }
}

<div>
  <fieldset
    class="c0"
  >
    <legend
      class="c1"
    >
      test title
    </legend>
    <a
      class="c2"
      href="/test"
      text="test text"
    />
  </fieldset>
</div>
`;
