// Jest Snapshot v1, https://goo.gl/fbAQLP

exports[`the Card component should match the snapshot 1`] = `
.c2 {
  background-color: #FFD666;
  color: black;
  font-style: normal;
  font-weight: bold;
  padding: 0.5rem;
  -webkit-box-pack: center;
  -webkit-justify-content: center;
  -ms-flex-pack: center;
  justify-content: center;
  display: -webkit-box;
  display: -webkit-flex;
  display: -ms-flexbox;
  display: flex;
  width: 100%;
}

.c1 {
  font-family: Playfair Display;
  font-weight: bold;
  font-size: 24px;
  width: auto;
  padding: 0 0.5rem;
  text-align: center;
  margin-bottom: 0;
}

.c0 {
  border: 1px solid #003A8C;
  width: 25%;
  padding: 1rem 1.2rem;
  margin: 3rem 1rem;
  height: 20%;
  font-family: Raleway;
  font-size: 16px;
  font-style: normal;
  font-weight: 400;
  line-height: 24px;
  -webkit-letter-spacing: 0em;
  -moz-letter-spacing: 0em;
  -ms-letter-spacing: 0em;
  letter-spacing: 0em;
  text-align: left;
  background-color: white;
}

@media (max-width:1025px) {
  .c0 {
    width: 40%;
  }
}

@media (max-width:576px) {
  .c0 {
    width: 90%;
    margin: 1rem auto;
  }
}

<div>
  <fieldset
    class="c0"
  >
    <legend
      class="c1"
    >
      test title
    </legend>
    <a
      class="c2"
      href="/test"
      text="test text"
    />
  </fieldset>
</div>
`;
