// Jest Snapshot v1, https://goo.gl/fbAQLP

exports[`the FeelingsSection component should match the snapshot 1`] = `
.c3 {
  display: -webkit-box;
  display: -webkit-flex;
  display: -ms-flexbox;
  display: flex;
  -webkit-flex-direction: column;
  -ms-flex-direction: column;
  flex-direction: column;
  -webkit-flex-wrap: wrap;
  -ms-flex-wrap: wrap;
  flex-wrap: wrap;
}

.c1 {
  width: 100%;
  padding-top: 2rem;
  padding-bottom: 2rem;
  margin: auto;
  background: inherit;
  max-width: 960px;
}

.c0 {
  background: #ffffff;
  margin: 0;
  padding: 0;
  width: 100%;
}

.c2 {
  font-weight: bold;
  font-size: 24px;
}

.c4 {
  margin: 0;
  font-size: 16px;
}

@media (max-width:1025px) {
  .c1 {
    width: auto;
    width: 75%;
    margin: 0 12.5%;
  }
}

@media (max-width:768px) {
  .c1 {
    margin: 0 30px;
    width: 90%;
  }
}

@media (max-width:576px) {
  .c1 {
    margin: 25px 18px;
    padding-top: 0px;
    padding-bottom: 0px;
    width: auto;
  }
}

<div>
  <section
    class="c0"
  >
    <div
      class="c1"
    >
      <h2
        class="c2"
      >
        Something feels different
      </h2>
      <div
        class="c3"
      >
        <p
          class="c4"
        >
          If you feel that you are experiencing emotional and physical changes since a distressing event, know that you are not alone, and that it is normal to be wanting to understand your changes after a traumatic event. The cards below give you a brief description of what you may be experiencing. Please read them and select those that apply to you. Once you are done, and want to know more about why you are experiencing those feelings and how to cope with them, click on give me advice at the bottom of the page.
        </p>
      </div>
    </div>
  </section>
</div>
`;
