// Jest Snapshot v1, https://goo.gl/fbAQLP

exports[`the FeelingsSection component should match the snapshot 1`] = `
.c3 {
  display: -webkit-box;
  display: -webkit-flex;
  display: -ms-flexbox;
  display: flex;
  -webkit-flex-direction: column;
  -ms-flex-direction: column;
  flex-direction: column;
  -webkit-flex-wrap: wrap;
  -ms-flex-wrap: wrap;
  flex-wrap: wrap;
  row-gap: 1rem;
}

.c1 {
  width: 50%;
  padding-top: 2rem;
  padding-bottom: 2rem;
  margin: 0 16.7%;
  background: inherit;
}

.c0 {
  background: #ffffff;
  margin: 0;
  padding: 0;
  width: 100%;
}

.c2 {
  font-weight: bold;
  font-size: 24px;
}

.c4 {
  margin: 0;
  font-size: 16px;
}

<div>
  <section
    class="c0"
  >
    <div
      class="c1"
    >
      <h2
        class="c2"
      >
        Learn more about trauma
      </h2>
      <div
        class="c3"
      >
        <p
          class="c4"
        >
          Below are flashcards with the most common presentations of traumatic stress.
        </p>
        <p
          class="c4"
        >
          Click on those that you have experienced to learn more about your reaction and ways to manage, then select the ones that apply.
        </p>
      </div>
    </div>
  </section>
</div>
`;
