// Jest Snapshot v1, https://goo.gl/fbAQLP

exports[`the FlashCardsSection component should match the snapshot 1`] = `
.c2 {
  color: inherit;
  -webkit-text-decoration: inherit;
  text-decoration: inherit;
  padding: 0.5rem;
  -webkit-box-pack: center;
  -webkit-justify-content: center;
  -ms-flex-pack: center;
  justify-content: center;
  display: -webkit-box;
  display: -webkit-flex;
  display: -ms-flexbox;
  display: flex;
  background-color: #FFD666;
  width: 13.875rem;
  height: 2.625rem;
  font-size: 1rem;
  -webkit-align-self: flex-end;
  -ms-flex-item-align: end;
  align-self: flex-end;
  margin: 3.375rem 16.7%;
  box-shadow: 0px 2px 0px rgba(0,0,0,0.043);
  border-radius: 2px;
  outline: none;
  border: none;
}

.c2:focus,
.c2:visited,
.c2:link {
  -webkit-text-decoration: none;
  text-decoration: none;
  color: inherit;
}

.c2:hover {
  opacity: 0.8;
}

.c2:active {
  opacity: 1;
}

.c0 {
  background: inherit;
  margin: 0;
  padding: 0;
  width: 100%;
  display: -webkit-box;
  display: -webkit-flex;
  display: -ms-flexbox;
  display: flex;
  -webkit-flex-direction: column;
  -ms-flex-direction: column;
  flex-direction: column;
  -webkit-box-pack: justify;
  -webkit-justify-content: space-between;
  -ms-flex-pack: justify;
  justify-content: space-between;
  -webkit-align-items: center;
  -webkit-box-align: center;
  -ms-flex-align: center;
  align-items: center;
}

.c1 {
  width: 70%;
  margin: 0 auto;
  background: inherit;
  display: -webkit-box;
  display: -webkit-flex;
  display: -ms-flexbox;
  display: flex;
  -webkit-flex-wrap: wrap;
  -ms-flex-wrap: wrap;
  flex-wrap: wrap;
  -webkit-box-pack: start;
  -webkit-justify-content: flex-start;
  -ms-flex-pack: start;
  justify-content: flex-start;
}

@media (max-width:576px) {
  .c2 {
    margin: 3.375rem 0;
    -webkit-align-self: center;
    -ms-flex-item-align: center;
    align-self: center;
  }
}

@media (max-width:1025px) {
  .c1 {
    width: 100%;
    -webkit-box-pack: center;
    -webkit-justify-content: center;
    -ms-flex-pack: center;
    justify-content: center;
  }
}

<div>
  <section
    class="c0"
  >
    <div
      class="c1"
    >
      <div>
        flash card 
        random title
      </div>
    </div>
    <button
      class="c2"
    >
      Give me advice
    </button>
  </section>
</div>
`;
