// Jest Snapshot v1, https://goo.gl/fbAQLP

exports[`the HelpSection component should match the snapshot 1`] = `
.c2 {
  margin-left: 13rem;
}

.c1 {
  display: -webkit-box;
  display: -webkit-flex;
  display: -ms-flexbox;
  display: flex;
  -webkit-flex-direction: row;
  -ms-flex-direction: row;
  flex-direction: row;
  -webkit-box-pack: center;
  -webkit-justify-content: center;
  -ms-flex-pack: center;
  justify-content: center;
  width: 100%;
  position: absolute;
  z-index: 1;
  margin-top: 12rem;
}

.c0 {
  min-height: 10%;
}

@media (max-width:576px) {
  .c2 {
    max-width: 100%;
    margin-left: 0rem;
  }
}

@media (max-width:576px) {
  .c1 {
    -webkit-flex-direction: column;
    -ms-flex-direction: column;
    flex-direction: column;
    position: static;
    pading: 0;
    margin: 0;
  }
}

@media (max-width:576px) {

}

<div>
  <section
    class="c0"
  >
    <div
      class="c1"
    >
      <div>
        I’m looking for help
      </div>
      <div>
        I’d like to help
      </div>
    </div>
    <div>
      <svg
        class="c2"
      >
        Illustration3.svg
      </svg>
    </div>
  </section>
</div>
`;
