// Jest Snapshot v1, https://goo.gl/fbAQLP

exports[`the HelpSection component should match the snapshot 1`] = `
.c0 {
  display: -webkit-box;
  display: -webkit-flex;
  display: -ms-flexbox;
  display: flex;
  -webkit-box-pack: center;
  -webkit-justify-content: center;
  -ms-flex-pack: center;
  justify-content: center;
  background: inherit;
  margin: 0;
  width: 100vw;
  margin-left: 50%;
  -webkit-transform: translateX(-50%);
  -ms-transform: translateX(-50%);
  transform: translateX(-50%);
  padding: 4rem 0rem;
}

@media (max-width:1025px) {
  .c0 {
    padding: 4rem 2rem;
  }
}

<div>
  <div
    class="c0"
  >
    <div>
      CardGroup
    </div>
  </div>
</div>
`;
