// Jest Snapshot v1, https://goo.gl/fbAQLP

exports[`the MobileNavBar component should match the snapshot 1`] = `
.c2 {
  display: -webkit-box;
  display: -webkit-flex;
  display: -ms-flexbox;
  display: flex;
  -webkit-flex-direction: column;
  -ms-flex-direction: column;
  flex-direction: column;
  -webkit-box-pack: space-around;
  -webkit-justify-content: space-around;
  -ms-flex-pack: space-around;
  justify-content: space-around;
  position: fixed;
  right: 2rem;
  width: 2rem;
  height: 2rem;
  background: transparent;
  border: none;
  cursor: pointer;
  padding: 0;
  outline: none;
}

.c2 span {
  width: 2rem;
  height: 0.25rem;
  background: #002766;
  border-radius: 10px;
  -webkit-transition: all 0.3s linear;
  transition: all 0.3s linear;
  position: relative;
  -webkit-transform-origin: 1px;
  -ms-transform-origin: 1px;
  transform-origin: 1px;
}

.c2 span:first-child {
  -webkit-transform: rotate(0);
  -ms-transform: rotate(0);
  transform: rotate(0);
}

.c2 span:nth-child(2) {
  opacity: 1;
  -webkit-transform: translateX(0);
  -ms-transform: translateX(0);
  transform: translateX(0);
}

.c2 span:nth-child(3) {
  -webkit-transform: rotate(0);
  -ms-transform: rotate(0);
  transform: rotate(0);
}

.c1 {
  display: -webkit-box;
  display: -webkit-flex;
  display: -ms-flexbox;
  display: flex;
  -webkit-flex: 1;
  -ms-flex: 1;
  flex: 1;
  -webkit-align-items: center;
  -webkit-box-align: center;
  -ms-flex-align: center;
  align-items: center;
}

.c0 {
  position: fixed;
  display: -webkit-box;
  display: -webkit-flex;
  display: -ms-flexbox;
  display: flex;
  box-shadow: 0 2px 4px 0 rgba(0,0,0,0.2);
  background-color: white;
  height: 64px;
  max-height: 64px;
  width: 100%;
  z-index: 100;
}

@media (min-width:576px) {
  .c0 {
    display: none;
  }
}

<div>
  <nav
    class="c0"
  >
    <div
      data-testid="navlink_/"
    />
    <nav
      class="c1"
    >
      <button
        aria-expanded="false"
        aria-label="Toggle menu"
        class="c2"
        data-testid="burgerButton"
      >
        <span />
        <span />
        <span />
      </button>
    </nav>
  </nav>
</div>
`;
