// Jest Snapshot v1, https://goo.gl/fbAQLP

exports[`the OurMission component should match the snapshot 1`] = `
.c3 {
  display: block;
  font-family: Playfair Display;
  font-style: normal;
  font-weight: 900;
  font-size: 38px;
  line-height: 46px;
  color: #000000;
}

.c4 {
  position: relative;
  margin: 0;
  font-family: Raleway;
  font-style: normal;
  font-weight: 400;
  font-size: 16px;
  line-height: 24px;
  color: #000000;
  z-index: 1;
}

.c1 {
  max-width: 960px;
}

.c0 {
  display: -webkit-box;
  display: -webkit-flex;
  display: -ms-flexbox;
  display: flex;
  -webkit-box-pack: center;
  -webkit-justify-content: center;
  -ms-flex-pack: center;
  justify-content: center;
  background: #ffffff;
  margin: 0;
  padding: 0rem 3rem 3rem 3rem;
}

.c2 {
  padding-top: 4rem;
  display: grid;
  grid-template-columns: 1fr 25vw;
  grid-gap: 1rem;
}

.c5 {
  width: 100%;
  margin: auto;
}

@media (max-width:1025px) {
  .c2 {
    grid-template-columns: 1fr;
  }
}

@media (max-width:1025px) {
  .c5 {
    width: 50%;
    min-width: 400px;
  }
}

@media (max-width:576px) {
  .c5 {
    width: 100%;
    min-width: 0px;
  }
}

<div>
  <div
    class="c0"
  >
    <div
      class="c1"
    >
      <div
        class="c2"
      >
        <div
          class=""
        >
          <h2
            class="c3"
          >
            Our mission
          </h2>
          <p
            class="c4"
          >
            Our mission is to support the residents of Lebanon and individuals from the Lebanese diaspora who experienced a traumatic event by connecting them to professionals, to volunteers and to each other, while helping them get the support and care they need. 
            <br />
             
            <br />
             Our dream is to help build a healthier, more resilient and trauma-aware Lebanese community.
          </p>
        </div>
        <img
          alt="Hands"
          class="c5"
          src="Hands.svg"
        />
      </div>
    </div>
  </div>
</div>
`;
