// Jest Snapshot v1, https://goo.gl/fbAQLP

exports[`the OurMission component should match the snapshot 1`] = `
.c3 {
  display: block;
  font-family: Playfair Display;
  font-style: normal;
  font-weight: 900;
  font-size: 38px;
  line-height: 46px;
  color: #000000;
}

.c4 {
  position: relative;
  margin: 0;
  font-family: Raleway;
  font-style: normal;
  font-weight: 400;
  font-size: 16px;
  line-height: 24px;
  color: #000000;
  z-index: 1;
}

.c0 {
  background: #ffffff;
  margin: 0;
  padding: 0 3rem;
  max-width: 100%;
}

.c1 {
  display: -webkit-box;
  display: -webkit-flex;
  display: -ms-flexbox;
  display: flex;
  -webkit-flex-direction: row;
  -ms-flex-direction: row;
  flex-direction: row;
}

.c2 {
  position: relative;
  margin-top: 2%;
  left: 12%;
  width: 50%;
}

.c5 {
  object-fit: contain;
  position: relative;
  width: auto;
  max-wodth: 100%;
}

.c6 {
  margin: 40px 0;
}

@media (max-width:576px) {
  .c0 {
    padding: 0;
    margin-top: 0;
  }
}

@media (max-width:576px) {
  .c1 {
    -webkit-flex-direction: column;
    -ms-flex-direction: column;
    flex-direction: column;
  }
}

@media (max-width:576px) {
  .c2 {
    position: relative;
    top: 0;
    left: 0;
    width: 100%;
    -webkit-order: 2;
    -ms-flex-order: 2;
    order: 2;
  }
}

@media (max-width:1025px) {
  .c5 {
    top: 10%;
  }
}

@media (max-width:768px) {
  .c5 {
    width: 60%;
  }
}

@media (max-width:576px) {
  .c5 {
    margin-right: 0rem;
    max-width: 100%;
    width: 100%;
    padding-left: 0rem;
  }
}

@media (min-width:576px) {
  .c6 {
    display: none;
  }
}

<div>
  <section
    class="c0"
  >
    <div
      class="c1"
    >
      <div
        class="c2"
      >
        <h2
          class="c3"
        >
          Our mission
        </h2>
        <p
          class="c4"
        >
          Our mission is to support the residents of Lebanon and individuals from the Lebanese diaspora who experienced a traumatic event by connecting them to professionals, to volunteers and to each other, while helping them get the support and care they need. 
          <br />
           
          <br />
           
          Our dream is to help build a healthier, more resilient and trauma-aware Lebanese community.
        </p>
      </div>
      <img
        alt="Hands"
        class="c5"
        src="Hands.png"
      />
    </div>
    <img
      alt="Swirl"
      class="c6"
      src="Swirl.png"
    />
  </section>
</div>
`;
