// Jest Snapshot v1, https://goo.gl/fbAQLP

exports[`the OurMission component should match the snapshot 1`] = `
.c4 {
  display: block;
  font-family: Playfair Display;
  font-style: normal;
  font-weight: 900;
  font-size: 38px;
  line-height: 46px;
  color: #000000;
}

.c7 {
  display: none;
  font-family: Playfair Display;
  font-style: normal;
  font-weight: 900;
  font-size: 38px;
  line-height: 46px;
  color: #000000;
}

.c5 {
  margin: 0;
  font-family: Raleway;
  font-style: normal;
  font-weight: 600;
  font-size: 16px;
  line-height: 24px;
  color: #000000;
}

.c0 {
  background: #ffffff;
  margin: 0;
  padding: 0 3rem;
  width: 100%;
}

.c2 {
  margin-top: 10rem;
  width: 40%;
}

.c1 {
  display: -webkit-box;
  display: -webkit-flex;
  display: -ms-flexbox;
  display: flex;
  -webkit-flex-direction: row;
  -ms-flex-direction: row;
  flex-direction: row;
}

.c6 {
  position: relative;
  display: -webkit-box;
  display: -webkit-flex;
  display: -ms-flexbox;
  display: flex;
  -webkit-flex-direction: row-reverse;
  -ms-flex-direction: row-reverse;
  flex-direction: row-reverse;
}

@media (max-width:576px) {
  .c4 {
    display: none;
    position: absolute;
    width: 50%;
    bottom: 0;
    right: 0;
    font-weight: 900;
    font-size: 30px;
  }
}

@media (max-width:576px) {
  .c7 {
    display: block;
    position: absolute;
    width: 50%;
    bottom: 0;
    right: 50%;
    font-weight: 900;
    font-size: 30px;
  }
}

@media (max-width:576px) {
  .c0 {
    padding: 0;
    margin-top: 0;
  }
}

@media (max-width:576px) {
  .c2 {
    margin-top: 0rem;
    width: 100%;
  }
}

@media (max-width:576px) {
  .c1 {
    -webkit-flex-direction: column;
    -ms-flex-direction: column;
    flex-direction: column;
  }
}

@media (max-width:576px) {
  .c3 {
    -webkit-order: 2;
    -ms-flex-order: 2;
    order: 2;
  }
}

@media (max-width:576px) {
  .c8 {
    margin-right: 0rem;
    max-width: 100%;
    width: 50%;
    padding-left: 0rem;
  }
}

<div>
  <section
    class="c0"
  >
    <div
      class="c1"
    >
      <div
        class="c2 c3"
      >
        <h2
          class="c4"
        >
          Our mission
        </h2>
        <p
          class="c5"
        >
          Our mission is to help the residents of Lebanon and individuals from the Lebanese diaspora who experienced a traumatic event regardless of their political and religious affiliations by connecting them to volunteers, to professionals and to each other while suggesting tools that can help them get the support and care they need. Through our platform, we aim to create a healthier, more trauma-informed and resilient Lebanon where those who need help can access self-help solutions and connect with professionals and available support systems..
        </p>
      </div>
      <div
        class="c6"
      >
        <h2
          class="c7"
        >
          Our Mission
        </h2>
        <img
          alt="Hands"
          class="c8"
          src="Hands.png"
        />
      </div>
    </div>
  </section>
</div>
`;
