// Jest Snapshot v1, https://goo.gl/fbAQLP

exports[`the TraumaticEvents component should match the snapshot 1`] = `
.c8 {
  display: -webkit-box;
  display: -webkit-flex;
  display: -ms-flexbox;
  display: flex;
  -webkit-flex-direction: column;
  -ms-flex-direction: column;
  flex-direction: column;
  -webkit-flex-wrap: wrap;
  -ms-flex-wrap: wrap;
  flex-wrap: wrap;
  margin-bottom: 25px;
}

.c5 {
  width: inherit;
  max-width: 960px;
}

.c4 {
  display: -webkit-box;
  display: -webkit-flex;
  display: -ms-flexbox;
  display: flex;
  -webkit-flex-direction: column;
  -ms-flex-direction: column;
  flex-direction: column;
  -webkit-flex: 1;
  -ms-flex: 1;
  flex: 1;
  z-index: 2;
  background-color: transparent;
  -webkit-box-pack: center;
  -webkit-justify-content: center;
  -ms-flex-pack: center;
  justify-content: center;
  position: absolute;
  -webkit-align-items: center;
  -webkit-box-align: center;
  -ms-flex-align: center;
  align-items: center;
  height: 363px;
  height: 410px;
  width: 100%;
}

.c6 {
  display: -webkit-box;
  display: -webkit-flex;
  display: -ms-flexbox;
  display: flex;
  -webkit-flex-direction: column;
  -ms-flex-direction: column;
  flex-direction: column;
  background-color: transparent;
  max-width: 632px;
}

.c1 {
  display: -webkit-box;
  display: -webkit-flex;
  display: -ms-flexbox;
  display: flex;
  -webkit-flex: 1;
  -ms-flex: 1;
  flex: 1;
  z-index: 1;
  -webkit-box-pack: justify;
  -webkit-justify-content: space-between;
  -ms-flex-pack: justify;
  justify-content: space-between;
}

.c2 {
  display: -webkit-box;
  display: -webkit-flex;
  display: -ms-flexbox;
  display: flex;
  -webkit-flex: 1;
  -ms-flex: 1;
  flex: 1;
  -webkit-box-pack: start;
  -webkit-justify-content: flex-start;
  -ms-flex-pack: start;
  justify-content: flex-start;
  -webkit-align-items: center;
  -webkit-box-align: center;
  -ms-flex-align: center;
  align-items: center;
}

.c3 {
  display: -webkit-box;
  display: -webkit-flex;
  display: -ms-flexbox;
  display: flex;
  -webkit-flex: 1;
  -ms-flex: 1;
  flex: 1;
  -webkit-box-pack: end;
  -webkit-justify-content: flex-end;
  -ms-flex-pack: end;
  justify-content: flex-end;
  -webkit-align-items: center;
  -webkit-box-align: center;
  -ms-flex-align: center;
  align-items: center;
}

.c0 {
  display: -webkit-box;
  display: -webkit-flex;
  display: -ms-flexbox;
  display: flex;
  background: #002766;
  margin: 0;
  margin-top: 64px;
  padding: 0;
  width: 100vw;
  height: 410px;
  z-index: 0;
}

.c7 {
  font-weight: bold;
  font-size: 38px;
  margin: 0;
  color: #ffffff;
}

.c9 {
  margin: 0;
  margin-bottom: 1rem;
  font-size: 16px;
  color: #ffffff;
}

@media (max-width:576px) {
  .c8 {
    margin-top: 15px;
  }
}

@media (max-width:576px) {
  .c4 {
    height: 560px;
  }
}

@media (max-width:1025px) {
  .c6 {
    margin: 0 12.5%;
  }
}

@media (max-width:768px) {
  .c6 {
    margin-left: 30px;
    margin-right: 30px;
  }
}

@media (max-width:576px) {
  .c6 {
    margin-left: 18px;
    margin-right: 18px;
    -webkit-flex: 1;
    -ms-flex: 1;
    flex: 1;
    margin-top: 20px;
  }
}

@media (max-width:1025px) {
  .c2 {
    display: none;
  }
}

@media (max-width:1366px) {
  .c2 {
    opacity: 0.3;
  }
}

@media (max-width:1025px) {
  .c3 {
    display: none;
  }
}

@media (max-width:1366px) {
  .c3 {
    opacity: 0.3;
  }
}

@media (max-width:768px) {
  .c0 {
    margin-top: 80px;
  }
}

@media (max-width:576px) {
  .c0 {
    margin-top: 80px;
    height: 560px;
  }
}

@media (max-width:576px) {
  .c7 {
    font-size: 30px;
    line-height: 38px;
  }
}

<div>
  <div
    class="c0"
  >
    <div
      class="c1"
    >
      <div
        class="c2"
      >
        <img
          alt="background"
          src="HelpPageLeftBackground.svg"
        />
      </div>
      <div
        class="c3"
      >
        <img
          alt="background"
          src="HelpPageRightBackground.svg"
        />
      </div>
    </div>
    <div
      class="c4"
    >
      <div
        class="c5"
      >
        <div
          class="c6"
        >
          <h2
            class="c7"
          >
            Traumatic Events
          </h2>
          <div
            class="c8"
          >
            <p
              class="c9"
            >
              Trauma usually occurs after a deeply distressing or disturbing event, which may manifest as changes in feelings, thoughts, or behaviors. Trauma may also be less obvious, manifesting as a normal reaction to an abnormal event.
            </p>
            <p
              class="c9"
            >
              It is important to keep in mind that trauma is unique to each individual. Any small or big distressing event can trigger it, and everyone experiences trauma differently. It can be collective and widespread, such as pandemics or economic crises, but it also can be individual and specific, such as abuse or the death of a loved one.
            </p>
            <p
              class="c9"
            >
              One may also suffer from trauma without having experienced an event first hand, but rather by caring for someone who has or by simply watching the news.
            </p>
          </div>
        </div>
      </div>
    </div>
  </div>
</div>
`;
