// Jest Snapshot v1, https://goo.gl/fbAQLP

exports[`the ActionsSection component should match the snapshot 1`] = `
.c0 {
  width: 100%;
  max-width: 960px;
  padding-top: 2rem;
  padding-bottom: 2rem;
  margin: auto;
  background: white;
}

.c1 {
  font-family: Playfair Display;
  font-style: normal;
  font-weight: bold;
  font-size: 30px;
  line-height: 38px;
}

@media (max-width:1025px) {
  .c0 {
    margin: 25px 0px;
    padding-top: 0px;
    padding-bottom: 0px;
    width: auto;
    min-width: 0;
  }
}

@media (max-width:1025px) {
  .c1 {
    margin: 0px 18px;
  }
}

<div>
  <div
    class="c0"
  >
    <h2
      class="c1"
    >
      Some actions you can take
    </h2>
    <div>
      CardGroup
    </div>
  </div>
</div>
`;
