// Jest Snapshot v1, https://goo.gl/fbAQLP

exports[`renders learn react link 1`] = `
<div>
  <nav
    class="sc-bdnylx fNsnEo"
  >
    <div
      class="sc-dlnjPT kVNVKD"
    >
      <img
        alt="Logo"
        class="sc-gtssRu cMNcvm"
        src="logo.png"
      />
    </div>
    <ul
      class="sc-hKFyIo cNdbcO"
    >
      <li
        class="sc-eCApGN dsVAut"
      >
        <a
          class="sc-jSFkmK fOyBGb"
          href="/"
        >
          Home
        </a>
      </li>
      <li
        class="sc-eCApGN dsVAut"
      >
        <a
          class="sc-jSFkmK fOyBGb"
          href="/"
        >
          I’m looking for help
        </a>
      </li>
      <li
        class="sc-eCApGN dsVAut"
      >
        <a
          class="sc-jSFkmK fOyBGb"
          href="/"
        >
          I’d like to help
        </a>
      </li>
      <li
        class="sc-eCApGN dsVAut"
      >
        <a
          class="sc-jSFkmK fOyBGb"
          href="/about"
        >
          About us
        </a>
      </li>
    </ul>
  </nav>
  <section
    class="sc-ksluoS iRxPbH"
  >
    <div
      class="sc-bqGHjH knXqti"
    >
      <h2
        class="sc-hBMVcZ dpAIf"
      >
        What Happened
      </h2>
      <p
        class="sc-fnVYJo uDJBg"
      >
        On August 4 an explosion shook Beirut. It was the largest non-nuclear explosion ever recorded. That day 200 people died, 6,500 were injured, and 300,000 were left homeless. This project was developed to support those affected and provide a platform for the community to come together and help each other heal.
      </p>
    </div>
  </section>
  <section
    class="sc-bkbjAj egwZwe"
  >
    <div
      class="sc-fFSRdu jOnNUI"
    >
      <h2
        class="sc-iemXMA gFbKpK"
      >
        Our mission
      </h2>
      <p
        class="sc-dIvqjp gMUAeW"
      >
        Lorem lobortis aliquam leo nisi vitae egestas elit. Tellus ultrices et velit luctus. Justo, in mauris pulvinar cursus velit at sollicitudin. Eget pretium nunc placerat sed at eget est. Exercitation veniam consequat sunt nostrud amet. Pretium nunc placerat sed at eget est. Exercitation veniam consequat sunt nostrud amet.
      </p>
    </div>
  </section>
  <section
    class="sc-fKgIGh OFMcy"
  >
    <div
      class="sc-kfYqjs dgfSXN"
    >
      <div
        class="sc-dlMBXb bftPHS"
      >
        <h2
          class="sc-hHEjAm bhOEPs"
        >
          I’m looking for help
        </h2>
        <p>
          Lorem lobortis aliquam leo nisi vitae egestas elit. Tellus ultrices et velit luctus. 
        </p>
        <button>
          Learn More
        </button>
      </div>
      <div
        class="sc-dlMBXb bftPHS"
      >
        <h2
          class="sc-hHEjAm bhOEPs"
        >
          I’d like to help
        </h2>
        <p>
          Lorem lobortis aliquam leo nisi vitae egestas elit. Tellus ultrices et velit luctus. 
        </p>
        <button>
          Learn More
        </button>
      </div>
    </div>
  </section>
  <section
    class="sc-dIsAE brCpiG"
  >
    <div
      class="sc-iqAbSa eoJyin"
    >
      <div
        class="sc-crzoUp kTcaAE"
      >
        <div
          class="sc-iCoHVE dOuHKy"
        >
          <h2
            class="sc-gKAblj hnBNSm"
          >
            I’m looking for help
          </h2>
          <ul
            class="sc-fujyUd eOuAlM"
          >
            <li
              class="sc-pNWxx grZQZK"
            >
              Terms & Conditions
            </li>
            <li
              class="sc-pNWxx grZQZK"
            >
              Privacy policy
            </li>
          </ul>
        </div>
        <div
          class="sc-iCoHVE dOuHKy"
        >
          <h2
            class="sc-gKAblj hnBNSm"
          >
            About us
          </h2>
          <ul
            class="sc-fujyUd eOuAlM"
          >
            <li
              class="sc-pNWxx grZQZK"
            >
              What we do
            </li>
            <li
              class="sc-pNWxx grZQZK"
            >
              Contact us
            </li>
          </ul>
        </div>
        <div
          class="sc-iCoHVE dOuHKy"
        >
          <h2
            class="sc-gKAblj hnBNSm"
          >
            Partnerships
          </h2>
          <ul
            class="sc-fujyUd eOuAlM"
          >
            <li
              class="sc-pNWxx grZQZK"
            >
              How to partner with us
            </li>
            <li
              class="sc-pNWxx grZQZK"
            >
              Working with us
            </li>
          </ul>
        </div>
        <div
          class="sc-jrsJCI jlGyGt"
        >
          <span
            class="sc-kEqYlL eWUlnG"
          />
          <span
            class="sc-kEqYlL eWUlnG"
          />
          <span
            class="sc-kEqYlL eWUlnG"
          />
          <p>
            Lorem lobortis aliquam leo nisi vita
          </p>
        </div>
      </div>
    </div>
  </section>
</div>
`;
